------------------------------------------------------------
Timing Analyzer Summary
------------------------------------------------------------

Type  : Slow 1100mV 85C Model Setup 'clk'
Slack : -7.715
TNS   : -457.719

Type  : Slow 1100mV 85C Model Hold 'clk'
Slack : 0.235
TNS   : 0.000

Type  : Slow 1100mV 85C Model Minimum Pulse Width 'clk'
Slack : -2.225
TNS   : -309.521

Type  : Slow 1100mV 0C Model Setup 'clk'
Slack : -7.929
TNS   : -451.512

Type  : Slow 1100mV 0C Model Hold 'clk'
Slack : 0.222
TNS   : 0.000

Type  : Slow 1100mV 0C Model Minimum Pulse Width 'clk'
Slack : -2.225
TNS   : -297.084

Type  : Fast 1100mV 85C Model Setup 'clk'
Slack : -3.954
TNS   : -195.184

Type  : Fast 1100mV 85C Model Hold 'clk'
Slack : 0.140
TNS   : 0.000

Type  : Fast 1100mV 85C Model Minimum Pulse Width 'clk'
Slack : -2.174
TNS   : -265.237

Type  : Fast 1100mV 0C Model Setup 'clk'
Slack : -3.744
TNS   : -168.580

Type  : Fast 1100mV 0C Model Hold 'clk'
Slack : 0.132
TNS   : 0.000

Type  : Fast 1100mV 0C Model Minimum Pulse Width 'clk'
Slack : -2.174
TNS   : -285.117

------------------------------------------------------------
